Initializing KZG with path: ../trusted_setup.txt
goos: darwin
goarch: arm64
pkg: polystorechain/app
cpu: Apple M3
BenchmarkRetrievalNativeTransactions/N1/separate-2         	       3	   5771000 ns/op	       245.0 envelope-B/op	         0 failures/op	         1.000 ffi-calls/op	    619349 gas/session	   5767861 ns/session	    119349 other-gas/session	      1342 pending-json-B	       173.4 sessions/s	    354306 sign-encode-ns/session	        64.00 signature-B/op	      1072 tx-bytes/op	         1.000 txs/op	 1392752 B/op	   21045 allocs/op
BenchmarkRetrievalNativeTransactions/N1/batched-2          	       3	   4825750 ns/op	       245.0 envelope-B/op	         0 failures/op	         1.000 ffi-calls/op	    619349 gas/session	   4823014 ns/session	    119349 other-gas/session	      1342 pending-json-B	       207.3 sessions/s	    328722 sign-encode-ns/session	        64.00 signature-B/op	      1072 tx-bytes/op	         1.000 txs/op	 1389354 B/op	   21010 allocs/op
PASS
        0.84 real         0.97 user         0.02 sys
           222265344  maximum resident set size
                   0  average shared memory size
                   0  average unshared data size
                   0  average unshared stack size
               12874  page reclaims
                 935  page faults
                   0  swaps
                   0  block input operations
                   0  block output operations
                   0  messages sent
                   0  messages received
                  47  signals received
                   0  voluntary context switches
                2890  involuntary context switches
         13269481282  instructions retired
          3723485508  cycles elapsed
           159236864  peak memory footprint
