Initializing KZG with path: ../trusted_setup.txt
goos: darwin
goarch: arm64
pkg: polystorechain/app
cpu: Apple M3
BenchmarkRetrievalNativeTransactions/N1/separate-2         	       3	   5631695 ns/op	       245.0 envelope-B/op	         0 failures/op	         1.000 ffi-calls/op	    619349 gas/session	   5628806 ns/session	    119349 other-gas/session	      1342 pending-json-B	       177.7 sessions/s	    342737 sign-encode-ns/session	        64.00 signature-B/op	      1072 tx-bytes/op	         1.000 txs/op	 1392090 B/op	   21024 allocs/op
BenchmarkRetrievalNativeTransactions/N1/batched-2          	       3	   4788945 ns/op	       245.0 envelope-B/op	         0 failures/op	         1.000 ffi-calls/op	    619349 gas/session	   4786305 ns/session	    119349 other-gas/session	      1342 pending-json-B	       208.9 sessions/s	    320139 sign-encode-ns/session	        64.00 signature-B/op	      1072 tx-bytes/op	         1.000 txs/op	 1388000 B/op	   20997 allocs/op
PASS
        2.52 real         0.96 user         0.07 sys
           222232576  maximum resident set size
                   0  average shared memory size
                   0  average unshared data size
                   0  average unshared stack size
               12827  page reclaims
                 982  page faults
                   0  swaps
                   0  block input operations
                   0  block output operations
                   0  messages sent
                   0  messages received
                  62  signals received
                   5  voluntary context switches
                2981  involuntary context switches
         13466740128  instructions retired
          3882323361  cycles elapsed
           158843624  peak memory footprint
