Initializing KZG with path: ../trusted_setup.txt
goos: darwin
goarch: arm64
pkg: polystorechain/app
cpu: Apple M3
BenchmarkRetrievalNativeTransactions/N32/separate-2         	       3	 121046736 ns/op	      7902 envelope-B/op	         0 failures/op	        32.00 ffi-calls/op	    619606 gas/session	   3782620 ns/session	    119606 other-gas/session	     42510 pending-json-B	       264.4 sessions/s	    289111 sign-encode-ns/session	      2048 signature-B/op	     34366 tx-bytes/op	        32.00 txs/op	10469920 B/op	  156438 allocs/op
BenchmarkRetrievalNativeTransactions/N32/batched-2          	       3	 104885750 ns/op	      2479 envelope-B/op	         0 failures/op	        32.00 ffi-calls/op	    575393 gas/session	   3277587 ns/session	     75393 other-gas/session	     42510 pending-json-B	       305.1 sessions/s	     10901 sign-encode-ns/session	        64.00 signature-B/op	     28943 tx-bytes/op	         1.000 txs/op	 4086000 B/op	   50101 allocs/op
PASS
        5.53 real         5.68 user         0.04 sys
           236077056  maximum resident set size
                   0  average shared memory size
                   0  average unshared data size
                   0  average unshared stack size
               13715  page reclaims
                 935  page faults
                   0  swaps
                   0  block input operations
                   0  block output operations
                   0  messages sent
                   0  messages received
                  85  signals received
                   2  voluntary context switches
                6738  involuntary context switches
         80773237945  instructions retired
         21390748771  cycles elapsed
           172278528  peak memory footprint
