Initializing KZG with path: ../trusted_setup.txt
goos: darwin
goarch: arm64
pkg: polystorechain/app
cpu: Apple M3
BenchmarkRetrievalNativeTransactions/N32/separate-2         	       3	 121539611 ns/op	      7902 envelope-B/op	         0 failures/op	        32.00 ffi-calls/op	    619606 gas/session	   3798004 ns/session	    119606 other-gas/session	     42510 pending-json-B	       263.3 sessions/s	    292506 sign-encode-ns/session	      2048 signature-B/op	     34366 tx-bytes/op	        32.00 txs/op	10467834 B/op	  156418 allocs/op
BenchmarkRetrievalNativeTransactions/N32/batched-2          	       3	 105502111 ns/op	      2479 envelope-B/op	         0 failures/op	        32.00 ffi-calls/op	    575393 gas/session	   3296847 ns/session	     75393 other-gas/session	     42510 pending-json-B	       303.3 sessions/s	     11690 sign-encode-ns/session	        64.00 signature-B/op	     28943 tx-bytes/op	         1.000 txs/op	 4082885 B/op	   50091 allocs/op
PASS
        5.54 real         5.70 user         0.04 sys
           236748800  maximum resident set size
                   0  average shared memory size
                   0  average unshared data size
                   0  average unshared stack size
               13756  page reclaims
                 935  page faults
                   0  swaps
                   0  block input operations
                   0  block output operations
                   0  messages sent
                   0  messages received
                  89  signals received
                   2  voluntary context switches
                7068  involuntary context switches
         80743815730  instructions retired
         21430444797  cycles elapsed
           172229376  peak memory footprint
