Initializing KZG with path: ../trusted_setup.txt
goos: darwin
goarch: arm64
pkg: polystorechain/app
cpu: Apple M3
BenchmarkRetrievalNativeTransactions/N64/separate-2         	       3	 238119417 ns/op	     15806 envelope-B/op	         0 failures/op	        64.00 ffi-calls/op	    619616 gas/session	   3720559 ns/session	    119616 other-gas/session	     85006 pending-json-B	       268.8 sessions/s	    273383 sign-encode-ns/session	      4096 signature-B/op	     68734 tx-bytes/op	        64.00 txs/op	19775104 B/op	  295266 allocs/op
BenchmarkRetrievalNativeTransactions/N64/batched-2          	       3	 207952597 ns/op	      4783 envelope-B/op	         0 failures/op	        64.00 ffi-calls/op	    574686 gas/session	   3249206 ns/session	     74686 other-gas/session	     85006 pending-json-B	       307.8 sessions/s	      5965 sign-encode-ns/session	        64.00 signature-B/op	     57711 tx-bytes/op	         1.000 txs/op	 6811632 B/op	   79191 allocs/op
PASS
       10.38 real        10.54 user         0.05 sys
           250036224  maximum resident set size
                   0  average shared memory size
                   0  average unshared data size
                   0  average unshared stack size
               14573  page reclaims
                 935  page faults
                   0  swaps
                   0  block input operations
                   0  block output operations
                   0  messages sent
                   0  messages received
                 121  signals received
                   1  voluntary context switches
               12222  involuntary context switches
        150104111811  instructions retired
         39555505810  cycles elapsed
           185434928  peak memory footprint
