Initializing KZG with path: ../trusted_setup.txt
goos: darwin
goarch: arm64
pkg: polystorechain/app
cpu: Apple M3
BenchmarkRetrievalNativeTransactions/N64/separate-2         	       3	 237777694 ns/op	     15806 envelope-B/op	         0 failures/op	        64.00 ffi-calls/op	    619616 gas/session	   3715224 ns/session	    119616 other-gas/session	     85006 pending-json-B	       269.2 sessions/s	    271639 sign-encode-ns/session	      4096 signature-B/op	     68734 tx-bytes/op	        64.00 txs/op	19777893 B/op	  295275 allocs/op
BenchmarkRetrievalNativeTransactions/N64/batched-2          	       3	 208558792 ns/op	      4783 envelope-B/op	         0 failures/op	        64.00 ffi-calls/op	    574686 gas/session	   3258678 ns/session	     74686 other-gas/session	     85006 pending-json-B	       306.9 sessions/s	      6003 sign-encode-ns/session	        64.00 signature-B/op	     57711 tx-bytes/op	         1.000 txs/op	 6809077 B/op	   79194 allocs/op
PASS
       10.36 real        10.52 user         0.05 sys
           249856000  maximum resident set size
                   0  average shared memory size
                   0  average unshared data size
                   0  average unshared stack size
               14564  page reclaims
                 935  page faults
                   0  swaps
                   0  block input operations
                   0  block output operations
                   0  messages sent
                   0  messages received
                 121  signals received
                   4  voluntary context switches
               11627  involuntary context switches
        150082631680  instructions retired
         39534277874  cycles elapsed
           185500440  peak memory footprint
