Initializing KZG with path: ../trusted_setup.txt
goos: darwin
goarch: arm64
pkg: polystorechain/app
cpu: Apple M3
BenchmarkRetrievalNativeTransactions/N64/separate-2         	       3	 237336542 ns/op	     15806 envelope-B/op	         0 failures/op	        64.00 ffi-calls/op	    619616 gas/session	   3708331 ns/session	    119616 other-gas/session	     85006 pending-json-B	       269.7 sessions/s	    273105 sign-encode-ns/session	      4096 signature-B/op	     68734 tx-bytes/op	        64.00 txs/op	19781840 B/op	  295293 allocs/op
BenchmarkRetrievalNativeTransactions/N64/batched-2          	       3	 208279028 ns/op	      4783 envelope-B/op	         0 failures/op	        64.00 ffi-calls/op	    574686 gas/session	   3254314 ns/session	     74686 other-gas/session	     85006 pending-json-B	       307.3 sessions/s	      6133 sign-encode-ns/session	        64.00 signature-B/op	     57711 tx-bytes/op	         1.000 txs/op	 6807114 B/op	   79185 allocs/op
PASS
       10.36 real        10.53 user         0.05 sys
           250085376  maximum resident set size
                   0  average shared memory size
                   0  average unshared data size
                   0  average unshared stack size
               14569  page reclaims
                 954  page faults
                   0  swaps
                   0  block input operations
                   0  block output operations
                   0  messages sent
                   0  messages received
                 119  signals received
                   6  voluntary context switches
               11563  involuntary context switches
        150146582134  instructions retired
         39554404388  cycles elapsed
           185205528  peak memory footprint
