Initializing KZG with path: ../trusted_setup.txt
goos: darwin
goarch: arm64
pkg: polystorechain/app
cpu: Apple M3
BenchmarkRetrievalNativeTransactions/N8/separate-2         	       3	  31683347 ns/op	      1974 envelope-B/op	         0 failures/op	         8.000 ffi-calls/op	    619485 gas/session	   3960036 ns/session	    119485 other-gas/session	     10638 pending-json-B	       252.5 sessions/s	    301328 sign-encode-ns/session	       512.0 signature-B/op	      8590 tx-bytes/op	         8.000 txs/op	 3454973 B/op	   51950 allocs/op
BenchmarkRetrievalNativeTransactions/N8/batched-2          	       3	  27632361 ns/op	       750.0 envelope-B/op	         0 failures/op	         8.000 ffi-calls/op	    579573 gas/session	   3453604 ns/session	     79573 other-gas/session	     10638 pending-json-B	       289.6 sessions/s	     44955 sign-encode-ns/session	        64.00 signature-B/op	      7366 tx-bytes/op	         1.000 txs/op	 2004826 B/op	   27908 allocs/op
PASS
        1.91 real         2.06 user         0.03 sys
           226181120  maximum resident set size
                   0  average shared memory size
                   0  average unshared data size
                   0  average unshared stack size
               13109  page reclaims
                 935  page faults
                   0  swaps
                   0  block input operations
                   0  block output operations
                   0  messages sent
                   0  messages received
                  64  signals received
                   1  voluntary context switches
                4062  involuntary context switches
         28693516199  instructions retired
          7801487454  cycles elapsed
           162448152  peak memory footprint
