Initializing KZG with path: ../trusted_setup.txt
goos: darwin
goarch: arm64
pkg: polystorechain/app
cpu: Apple M3
BenchmarkRetrievalNativeTransactions/N8/separate-2         	       3	  32722431 ns/op	      1974 envelope-B/op	         0 failures/op	         8.000 ffi-calls/op	    619485 gas/session	   4089910 ns/session	    119485 other-gas/session	     10638 pending-json-B	       244.5 sessions/s	    292849 sign-encode-ns/session	       512.0 signature-B/op	      8590 tx-bytes/op	         8.000 txs/op	 3453602 B/op	   51952 allocs/op
BenchmarkRetrievalNativeTransactions/N8/batched-2          	       3	  27526820 ns/op	       750.0 envelope-B/op	         0 failures/op	         8.000 ffi-calls/op	    579573 gas/session	   3440496 ns/session	     79573 other-gas/session	     10638 pending-json-B	       290.7 sessions/s	     41832 sign-encode-ns/session	        64.00 signature-B/op	      7366 tx-bytes/op	         1.000 txs/op	 2010645 B/op	   27922 allocs/op
PASS
        1.90 real         2.05 user         0.03 sys
           226082816  maximum resident set size
                   0  average shared memory size
                   0  average unshared data size
                   0  average unshared stack size
               13102  page reclaims
                 935  page faults
                   0  swaps
                   0  block input operations
                   0  block output operations
                   0  messages sent
                   0  messages received
                  61  signals received
                   0  voluntary context switches
                3952  involuntary context switches
         28712357080  instructions retired
          7777157000  cycles elapsed
           162300696  peak memory footprint
