Initializing KZG with path: ../trusted_setup.txt
goos: darwin
goarch: arm64
pkg: polystorechain/app
cpu: Apple M3
BenchmarkRetrievalNativeTransactions/N8/separate-2         	       3	  33020473 ns/op	      1974 envelope-B/op	         0 failures/op	         8.000 ffi-calls/op	    619485 gas/session	   4127111 ns/session	    119485 other-gas/session	     10638 pending-json-B	       242.3 sessions/s	    297075 sign-encode-ns/session	       512.0 signature-B/op	      8590 tx-bytes/op	         8.000 txs/op	 3452434 B/op	   51936 allocs/op
BenchmarkRetrievalNativeTransactions/N8/batched-2          	       3	  27418139 ns/op	       750.0 envelope-B/op	         0 failures/op	         8.000 ffi-calls/op	    579573 gas/session	   3426898 ns/session	     79573 other-gas/session	     10638 pending-json-B	       291.8 sessions/s	     40552 sign-encode-ns/session	        64.00 signature-B/op	      7366 tx-bytes/op	         1.000 txs/op	 2006165 B/op	   27913 allocs/op
PASS
        1.90 real         2.04 user         0.03 sys
           226197504  maximum resident set size
                   0  average shared memory size
                   0  average unshared data size
                   0  average unshared stack size
               13108  page reclaims
                 935  page faults
                   0  swaps
                   0  block input operations
                   0  block output operations
                   0  messages sent
                   0  messages received
                  65  signals received
                   2  voluntary context switches
                3981  involuntary context switches
         28675140853  instructions retired
          7753810795  cycles elapsed
           162235136  peak memory footprint
