Initializing KZG with path: ../../../trusted_setup.txt
Initializing KZG with path: ../../../trusted_setup.txt
goos: darwin
goarch: arm64
pkg: polystorechain/x/polystorechain/keeper
cpu: Apple M3
BenchmarkSubmitRetrievalSessionProofV2Mixed-2   	       1	  44353417 ns/op	  26155844 gas/op	    502997 gas/proof	3738004625 generation-ns/op	        52.00 proofs/op	         6.000 sessions/op	  168816 B/op	    1146 allocs/op
PASS
        8.79 real         8.47 user         0.06 sys
           118587392  maximum resident set size
                   0  average shared memory size
                   0  average unshared data size
                   0  average unshared stack size
                6661  page reclaims
                 923  page faults
                   0  swaps
                   0  block input operations
                   0  block output operations
                   0  messages sent
                   0  messages received
                 132  signals received
                   8  voluntary context switches
               13763  involuntary context switches
        135772606888  instructions retired
         31868980943  cycles elapsed
            87294600  peak memory footprint
