Initializing KZG with path: ../../../trusted_setup.txt
Initializing KZG with path: ../../../trusted_setup.txt
goos: darwin
goarch: arm64
pkg: polystorechain/x/polystorechain/keeper
cpu: Apple M3
BenchmarkSubmitRetrievalSessionProofV2Mixed-2   	       1	  43534459 ns/op	  26155844 gas/op	    502997 gas/proof	1702109875 generation-ns/op	        52.00 proofs/op	         6.000 sessions/op	  168816 B/op	    1146 allocs/op
PASS
        4.60 real         4.37 user         0.07 sys
           117932032  maximum resident set size
                   0  average shared memory size
                   0  average unshared data size
                   0  average unshared stack size
                6666  page reclaims
                 881  page faults
                   0  swaps
                   0  block input operations
                   0  block output operations
                   0  messages sent
                   0  messages received
                 132  signals received
                   4  voluntary context switches
               12488  involuntary context switches
         74192848611  instructions retired
         16464101138  cycles elapsed
            86983328  peak memory footprint
