Initializing KZG with path: ../../../trusted_setup.txt
Initializing KZG with path: ../../../trusted_setup.txt
goos: darwin
goarch: arm64
pkg: polystorechain/x/polystorechain/keeper
cpu: Apple M3
BenchmarkSubmitRetrievalSessionProofV2Mixed-2   	       1	  43324417 ns/op	  26155844 gas/op	    502997 gas/proof	3717471083 generation-ns/op	        52.00 proofs/op	         6.000 sessions/op	  168880 B/op	    1147 allocs/op
PASS
        8.32 real         8.46 user         0.06 sys
           117882880  maximum resident set size
                   0  average shared memory size
                   0  average unshared data size
                   0  average unshared stack size
                7052  page reclaims
                 483  page faults
                   0  swaps
                   0  block input operations
                   0  block output operations
                   0  messages sent
                   0  messages received
                 123  signals received
                   0  voluntary context switches
               12716  involuntary context switches
        135724214221  instructions retired
         31834620317  cycles elapsed
            87212704  peak memory footprint
