Initializing KZG with path: ../../../trusted_setup.txt
Initializing KZG with path: ../../../trusted_setup.txt
goos: darwin
goarch: arm64
pkg: polystorechain/x/polystorechain/keeper
cpu: Apple M3
BenchmarkSubmitRetrievalSessionProofV2Mixed-2   	       1	  45136333 ns/op	  26155844 gas/op	    502997 gas/proof	3723050417 generation-ns/op	        52.00 proofs/op	         6.000 sessions/op	  168816 B/op	    1146 allocs/op
PASS
        8.37 real         8.48 user         0.07 sys
           118751232  maximum resident set size
                   0  average shared memory size
                   0  average unshared data size
                   0  average unshared stack size
                6718  page reclaims
                 870  page faults
                   0  swaps
                   0  block input operations
                   0  block output operations
                   0  messages sent
                   0  messages received
                 129  signals received
                   2  voluntary context switches
               12954  involuntary context switches
        135744838396  instructions retired
         31842397058  cycles elapsed
            87360184  peak memory footprint
