Initializing KZG with path: ../../../trusted_setup.txt
Initializing KZG with path: ../../../trusted_setup.txt
goos: darwin
goarch: arm64
pkg: polystorechain/x/polystorechain/keeper
cpu: Apple M3
BenchmarkSubmitRetrievalSessionProofV2Mixed-2   	       1	  44176791 ns/op	  26155844 gas/op	    502997 gas/proof	1698877293 generation-ns/op	        52.00 proofs/op	         6.000 sessions/op	  168816 B/op	    1146 allocs/op
PASS
        4.21 real         4.36 user         0.05 sys
           118390784  maximum resident set size
                   0  average shared memory size
                   0  average unshared data size
                   0  average unshared stack size
                7081  page reclaims
                 485  page faults
                   0  swaps
                   0  block input operations
                   0  block output operations
                   0  messages sent
                   0  messages received
                 126  signals received
                   0  voluntary context switches
               11940  involuntary context switches
         74154396190  instructions retired
         16363839030  cycles elapsed
            87360160  peak memory footprint
