Initializing KZG with path: ../../../trusted_setup.txt
Initializing KZG with path: ../../../trusted_setup.txt
goos: darwin
goarch: arm64
pkg: polystorechain/x/polystorechain/keeper
cpu: Apple M3
BenchmarkSubmitRetrievalSessionProofV2Mixed-2   	       1	  43637459 ns/op	  26155844 gas/op	    502997 gas/proof	3759234208 generation-ns/op	        52.00 proofs/op	         6.000 sessions/op	  168832 B/op	    1146 allocs/op
PASS
        8.37 real         8.49 user         0.06 sys
           119095296  maximum resident set size
                   0  average shared memory size
                   0  average unshared data size
                   0  average unshared stack size
                7165  page reclaims
                 443  page faults
                   0  swaps
                   0  block input operations
                   0  block output operations
                   0  messages sent
                   0  messages received
                 122  signals received
                   0  voluntary context switches
               12885  involuntary context switches
        135716584828  instructions retired
         31856528464  cycles elapsed
            87671456  peak memory footprint
