Initializing KZG with path: ../../../trusted_setup.txt
Initializing KZG with path: ../../../trusted_setup.txt
goos: darwin
goarch: arm64
pkg: polystorechain/x/polystorechain/keeper
cpu: Apple M3
BenchmarkSubmitRetrievalSessionProofV2Mixed-2   	       1	  44440208 ns/op	  26155844 gas/op	    502997 gas/proof	1698315707 generation-ns/op	        52.00 proofs/op	         6.000 sessions/op	  168816 B/op	    1146 allocs/op
PASS
        4.21 real         4.36 user         0.05 sys
           118407168  maximum resident set size
                   0  average shared memory size
                   0  average unshared data size
                   0  average unshared stack size
                7131  page reclaims
                 435  page faults
                   0  swaps
                   0  block input operations
                   0  block output operations
                   0  messages sent
                   0  messages received
                 126  signals received
                   1  voluntary context switches
               12110  involuntary context switches
         74152294109  instructions retired
         16360366081  cycles elapsed
            87392928  peak memory footprint
