goos: darwin
goarch: arm64
pkg: polystorechain/x/polystorechain/keeper
cpu: Apple M3
BenchmarkSubmitRetrievalSessionProofV2Mixed-2   	       3	 274637861 ns/op	  26155844 gas/op	    502997 gas/proof	6485805806 generation-ns/op	        52.00 proofs/op	         6.000 sessions/op	  145669 B/op	    1235 allocs/op
PASS
Initializing KZG with path: ../../../trusted_setup.txt
Initializing KZG with path: ../../../trusted_setup.txt
Initializing KZG with path: ../../../trusted_setup.txt
Initializing KZG with path: ../../../trusted_setup.txt
       42.19 real        41.83 user         0.34 sys
           121798656  maximum resident set size
                   0  average shared memory size
                   0  average unshared data size
                   0  average unshared stack size
                5727  page reclaims
                2182  page faults
                   0  swaps
                   0  block input operations
                   0  block output operations
                   0  messages sent
                   0  messages received
                 405  signals received
                  29  voluntary context switches
               81071  involuntary context switches
        588508672847  instructions retired
        155081365132  cycles elapsed
            92160648  peak memory footprint
