goos: darwin
goarch: arm64
pkg: polystorechain/x/polystorechain/keeper
cpu: Apple M3
BenchmarkSubmitRetrievalSessionProofV2Mixed-2   	       3	  45588070 ns/op	  26155844 gas/op	    502997 gas/proof	1761299293 generation-ns/op	        52.00 proofs/op	         6.000 sessions/op	  168645 B/op	    1143 allocs/op
PASS
Initializing KZG with path: ../../../trusted_setup.txt
Initializing KZG with path: ../../../trusted_setup.txt
Initializing KZG with path: ../../../trusted_setup.txt
Initializing KZG with path: ../../../trusted_setup.txt
       12.13 real        12.15 user         0.17 sys
           124567552  maximum resident set size
                   0  average shared memory size
                   0  average unshared data size
                   0  average unshared stack size
                5680  page reclaims
                2152  page faults
                   0  swaps
                   0  block input operations
                   0  block output operations
                   0  messages sent
                   0  messages received
                 342  signals received
                  16  voluntary context switches
               45266  involuntary context switches
        203209874623  instructions retired
         44944656543  cycles elapsed
            92881592  peak memory footprint
