# github.com/cosmos/ibc-go/v10/modules/light-clients/07-tendermint
compile: writing output: write $WORK/b1777/_pkg_.a: no space left on device
github.com/cosmos/ibc-go/v10/modules/core/metrics: write /var/folders/v0/pbplq_x54gg1bjh38mw1m0600000gn/T/go-build2975473730/b1779/importcfg: no space left on device
github.com/cosmos/ibc-go/v10/modules/light-clients/09-localhost: open /var/folders/v0/pbplq_x54gg1bjh38mw1m0600000gn/T/go-build2975473730/b1780/importcfg: no space left on device
github.com/cosmos/ibc-go/v10/modules/core/03-connection/migrations/v7: mkdir /var/folders/v0/pbplq_x54gg1bjh38mw1m0600000gn/T/go-build2975473730/b1783/: no space left on device
github.com/cosmos/ibc-go/v10/internal/validate: mkdir /var/folders/v0/pbplq_x54gg1bjh38mw1m0600000gn/T/go-build2975473730/b1785/: no space left on device
github.com/ethereum/go-ethereum/eth/tracers: mkdir /var/folders/v0/pbplq_x54gg1bjh38mw1m0600000gn/T/go-build2975473730/b1718/: no space left on device
github.com/cosmos/ibc-go/v10/modules/core/04-channel/migrations/v10: mkdir /var/folders/v0/pbplq_x54gg1bjh38mw1m0600000gn/T/go-build2975473730/b1786/: no space left on device
github.com/cosmos/ibc-go/v10/modules/core/05-port/types: mkdir /var/folders/v0/pbplq_x54gg1bjh38mw1m0600000gn/T/go-build2975473730/b1787/: no space left on device
github.com/cosmos/ibc-go/v10/modules/core/24-host/v2: mkdir /var/folders/v0/pbplq_x54gg1bjh38mw1m0600000gn/T/go-build2975473730/b1789/: no space left on device
github.com/cosmos/ibc-go/v10/modules/core/api: mkdir /var/folders/v0/pbplq_x54gg1bjh38mw1m0600000gn/T/go-build2975473730/b1790/: no space left on device
github.com/cosmos/ibc-go/v10/modules/core/types: mkdir /var/folders/v0/pbplq_x54gg1bjh38mw1m0600000gn/T/go-build2975473730/b1792/: no space left on device
github.com/cosmos/cosmos-sdk/client/config: mkdir /var/folders/v0/pbplq_x54gg1bjh38mw1m0600000gn/T/go-build2975473730/b1796/: no space left on device
github.com/btcsuite/btcd/btcutil/base58: mkdir /var/folders/v0/pbplq_x54gg1bjh38mw1m0600000gn/T/go-build2975473730/b1801/: no space left on device
github.com/btcsuite/btcd/btcutil/bech32: mkdir /var/folders/v0/pbplq_x54gg1bjh38mw1m0600000gn/T/go-build2975473730/b1802/: no space left on device
github.com/btcsuite/btcd/btcec/v2: mkdir /var/folders/v0/pbplq_x54gg1bjh38mw1m0600000gn/T/go-build2975473730/b1799/: no space left on device
github.com/btcsuite/btcd/chaincfg/chainhash: mkdir /var/folders/v0/pbplq_x54gg1bjh38mw1m0600000gn/T/go-build2975473730/b1804/: no space left on device
github.com/cosmos/evm/server/flags: mkdir /var/folders/v0/pbplq_x54gg1bjh38mw1m0600000gn/T/go-build2975473730/b1808/: no space left on device
github.com/tyler-smith/go-bip39/wordlists: open /var/folders/v0/pbplq_x54gg1bjh38mw1m0600000gn/T/go-build2975473730/b1807/importcfg: no space left on device
github.com/cosmos/evm/api/cosmos/evm/erc20/v1: mkdir /var/folders/v0/pbplq_x54gg1bjh38mw1m0600000gn/T/go-build2975473730/b1810/: no space left on device
github.com/cosmos/evm/x/feemarket/client/cli: mkdir /var/folders/v0/pbplq_x54gg1bjh38mw1m0600000gn/T/go-build2975473730/b1813/: no space left on device
github.com/cosmos/evm/x/precisebank/types: mkdir /var/folders/v0/pbplq_x54gg1bjh38mw1m0600000gn/T/go-build2975473730/b1811/: no space left on device
github.com/cosmos/evm/x/feemarket/keeper: mkdir /var/folders/v0/pbplq_x54gg1bjh38mw1m0600000gn/T/go-build2975473730/b1814/: no space left on device
github.com/cosmos/evm/contracts/utils: mkdir /var/folders/v0/pbplq_x54gg1bjh38mw1m0600000gn/T/go-build2975473730/b1818/: no space left on device
github.com/cosmos/ibc-go/v10/modules/apps/27-interchain-accounts/host/types: mkdir /var/folders/v0/pbplq_x54gg1bjh38mw1m0600000gn/T/go-build2975473730/b1825/: no space left on device
github.com/cosmos/ibc-go/v10/modules/apps/27-interchain-accounts/types: mkdir /var/folders/v0/pbplq_x54gg1bjh38mw1m0600000gn/T/go-build2975473730/b1823/: no space left on device
github.com/cosmos/ibc-go/v10/internal/logging: mkdir /var/folders/v0/pbplq_x54gg1bjh38mw1m0600000gn/T/go-build2975473730/b1827/: no space left on device
github.com/cosmos/ibc-go/v10/modules/apps/transfer/internal/events: mkdir /var/folders/v0/pbplq_x54gg1bjh38mw1m0600000gn/T/go-build2975473730/b1835/: no space left on device
github.com/cosmos/ibc-go/v10/modules/apps/transfer/client/cli: mkdir /var/folders/v0/pbplq_x54gg1bjh38mw1m0600000gn/T/go-build2975473730/b1834/: no space left on device
github.com/cosmos/ibc-go/v10/modules/apps/transfer/internal/types: mkdir /var/folders/v0/pbplq_x54gg1bjh38mw1m0600000gn/T/go-build2975473730/b1838/: no space left on device
github.com/cosmos/ibc-go/v10/modules/core/client: mkdir /var/folders/v0/pbplq_x54gg1bjh38mw1m0600000gn/T/go-build2975473730/b1845/: no space left on device
github.com/cosmos/ibc-go/v10/modules/apps/transfer/simulation: mkdir /var/folders/v0/pbplq_x54gg1bjh38mw1m0600000gn/T/go-build2975473730/b1839/: no space left on device
github.com/cosmos/ibc-go/v10/modules/core/03-connection/simulation: mkdir /var/folders/v0/pbplq_x54gg1bjh38mw1m0600000gn/T/go-build2975473730/b1858/: no space left on device
github.com/cosmos/ibc-go/v10/modules/core/02-client/simulation: mkdir /var/folders/v0/pbplq_x54gg1bjh38mw1m0600000gn/T/go-build2975473730/b1857/: no space left on device
github.com/cosmos/ibc-go/v10/modules/core/04-channel/simulation: mkdir /var/folders/v0/pbplq_x54gg1bjh38mw1m0600000gn/T/go-build2975473730/b1859/: no space left on device
polystorechain/docs: mkdir /var/folders/v0/pbplq_x54gg1bjh38mw1m0600000gn/T/go-build2975473730/b1860/: no space left on device
polystorechain/x/polystorechain/client/cli: mkdir /var/folders/v0/pbplq_x54gg1bjh38mw1m0600000gn/T/go-build2975473730/b1862/: no space left on device
cosmossdk.io/x/feegrant: open /var/folders/v0/pbplq_x54gg1bjh38mw1m0600000gn/T/go-build2975473730/b574/vet.cfg: no space left on device
github.com/cosmos/cosmos-sdk/x/gov/types: open /var/folders/v0/pbplq_x54gg1bjh38mw1m0600000gn/T/go-build2975473730/b865/vet.cfg: no space left on device
github.com/cosmos/cosmos-sdk/x/gov/types/v1beta1: open /var/folders/v0/pbplq_x54gg1bjh38mw1m0600000gn/T/go-build2975473730/b864/vet.cfg: no space left on device
cosmossdk.io/x/upgrade/types: open /var/folders/v0/pbplq_x54gg1bjh38mw1m0600000gn/T/go-build2975473730/b712/vet.cfg: no space left on device
go.uber.org/mock/gomock: open /var/folders/v0/pbplq_x54gg1bjh38mw1m0600000gn/T/go-build2975473730/b979/vet.cfg: no space left on device
github.com/cosmos/cosmos-sdk/testutil/mock: open /var/folders/v0/pbplq_x54gg1bjh38mw1m0600000gn/T/go-build2975473730/b978/vet.cfg: no space left on device
cosmossdk.io/collections/indexes: open /var/folders/v0/pbplq_x54gg1bjh38mw1m0600000gn/T/go-build2975473730/b983/vet.cfg: no space left on device
github.com/cosmos/cosmos-sdk/x/auth/migrations/v1: open /var/folders/v0/pbplq_x54gg1bjh38mw1m0600000gn/T/go-build2975473730/b985/vet.cfg: no space left on device
github.com/cosmos/cosmos-sdk/x/bank/types: open /var/folders/v0/pbplq_x54gg1bjh38mw1m0600000gn/T/go-build2975473730/b987/vet.cfg: no space left on device
github.com/cosmos/cosmos-sdk/x/bank/migrations/v1: open /var/folders/v0/pbplq_x54gg1bjh38mw1m0600000gn/T/go-build2975473730/b986/vet.cfg: no space left on device
github.com/cosmos/cosmos-sdk/x/bank/migrations/v4: open /var/folders/v0/pbplq_x54gg1bjh38mw1m0600000gn/T/go-build2975473730/b989/vet.cfg: no space left on device
github.com/cosmos/cosmos-sdk/x/mint/types: open /var/folders/v0/pbplq_x54gg1bjh38mw1m0600000gn/T/go-build2975473730/b990/vet.cfg: no space left on device
github.com/cosmos/cosmos-sdk/x/bank/migrations/v2: open /var/folders/v0/pbplq_x54gg1bjh38mw1m0600000gn/T/go-build2975473730/b984/vet.cfg: no space left on device
github.com/cosmos/cosmos-sdk/x/simulation/client/cli: open /var/folders/v0/pbplq_x54gg1bjh38mw1m0600000gn/T/go-build2975473730/b991/vet.cfg: no space left on device
github.com/cosmos/cosmos-sdk/x/bank/migrations/v3: open /var/folders/v0/pbplq_x54gg1bjh38mw1m0600000gn/T/go-build2975473730/b988/vet.cfg: no space left on device
github.com/cosmos/cosmos-sdk/x/authz/migrations/v2: open /var/folders/v0/pbplq_x54gg1bjh38mw1m0600000gn/T/go-build2975473730/b993/vet.cfg: no space left on device
github.com/cosmos/cosmos-sdk/x/bank/keeper: open /var/folders/v0/pbplq_x54gg1bjh38mw1m0600000gn/T/go-build2975473730/b982/vet.cfg: no space left on device
github.com/cosmos/cosmos-sdk/x/authz/keeper: write /var/folders/v0/pbplq_x54gg1bjh38mw1m0600000gn/T/go-build2975473730/b992/vet.cfg: no space left on device
github.com/cosmos/cosmos-sdk/x/slashing/types: open /var/folders/v0/pbplq_x54gg1bjh38mw1m0600000gn/T/go-build2975473730/b995/vet.cfg: no space left on device
github.com/cosmos/cosmos-sdk/testutil/sims: open /var/folders/v0/pbplq_x54gg1bjh38mw1m0600000gn/T/go-build2975473730/b870/vet.cfg: no space left on device
github.com/cosmos/cosmos-sdk/x/simulation: open /var/folders/v0/pbplq_x54gg1bjh38mw1m0600000gn/T/go-build2975473730/b994/vet.cfg: no space left on device
github.com/ethereum/go-ethereum/params/forks: open /var/folders/v0/pbplq_x54gg1bjh38mw1m0600000gn/T/go-build2975473730/b1003/vet.cfg: no space left on device
github.com/cosmos/evm/x/vm/store/types: open /var/folders/v0/pbplq_x54gg1bjh38mw1m0600000gn/T/go-build2975473730/b1006/vet.cfg: no space left on device
github.com/cosmos/evm/x/vm/store/snapshotkv: open /var/folders/v0/pbplq_x54gg1bjh38mw1m0600000gn/T/go-build2975473730/b1005/vet.cfg: no space left on device
github.com/ethereum/go-ethereum/params: open /var/folders/v0/pbplq_x54gg1bjh38mw1m0600000gn/T/go-build2975473730/b998/vet.cfg: no space left on device
github.com/cosmos/cosmos-sdk/x/consensus/types: open /var/folders/v0/pbplq_x54gg1bjh38mw1m0600000gn/T/go-build2975473730/b1008/vet.cfg: no space left on device
github.com/cosmos/evm/x/feemarket/types: open /var/folders/v0/pbplq_x54gg1bjh38mw1m0600000gn/T/go-build2975473730/b997/vet.cfg: no space left on device
github.com/cosmos/evm/api/cosmos/evm/vm/v1: open /var/folders/v0/pbplq_x54gg1bjh38mw1m0600000gn/T/go-build2975473730/b1009/vet.cfg: no space left on device
github.com/consensys/gnark-crypto/ecc: open /var/folders/v0/pbplq_x54gg1bjh38mw1m0600000gn/T/go-build2975473730/b1012/vet.cfg: no space left on device
github.com/bits-and-blooms/bitset: open /var/folders/v0/pbplq_x54gg1bjh38mw1m0600000gn/T/go-build2975473730/b1015/vet.cfg: no space left on device
github.com/consensys/gnark-crypto/field/asm/element_6w: open /var/folders/v0/pbplq_x54gg1bjh38mw1m0600000gn/T/go-build2975473730/b1016/vet.cfg: no space left on device
github.com/consensys/gnark-crypto/field/pool: open /var/folders/v0/pbplq_x54gg1bjh38mw1m0600000gn/T/go-build2975473730/b1018/vet.cfg: no space left on device
github.com/consensys/gnark-crypto/field/hash: open /var/folders/v0/pbplq_x54gg1bjh38mw1m0600000gn/T/go-build2975473730/b1017/vet.cfg: no space left on device
github.com/consensys/gnark-crypto/field/asm/element_4w: open /var/folders/v0/pbplq_x54gg1bjh38mw1m0600000gn/T/go-build2975473730/b1020/vet.cfg: no space left on device
github.com/consensys/gnark-crypto/ecc/bls12-381/fp: open /var/folders/v0/pbplq_x54gg1bjh38mw1m0600000gn/T/go-build2975473730/b1014/vet.cfg: no space left on device
github.com/consensys/gnark-crypto/ecc/bls12-381/fr: open /var/folders/v0/pbplq_x54gg1bjh38mw1m0600000gn/T/go-build2975473730/b1019/vet.cfg: no space left on device
github.com/consensys/gnark-crypto/utils/cpu: open /var/folders/v0/pbplq_x54gg1bjh38mw1m0600000gn/T/go-build2975473730/b1023/vet.cfg: no space left on device
github.com/consensys/gnark-crypto/internal/parallel: open /var/folders/v0/pbplq_x54gg1bjh38mw1m0600000gn/T/go-build2975473730/b1024/vet.cfg: no space left on device
github.com/consensys/gnark-crypto/ecc/bls12-381/internal/fptower: open /var/folders/v0/pbplq_x54gg1bjh38mw1m0600000gn/T/go-build2975473730/b1022/vet.cfg: no space left on device
github.com/consensys/gnark-crypto/ecc/bls12-381/hash_to_curve: open /var/folders/v0/pbplq_x54gg1bjh38mw1m0600000gn/T/go-build2975473730/b1021/vet.cfg: no space left on device
github.com/ethereum/go-ethereum/common/lru: open /var/folders/v0/pbplq_x54gg1bjh38mw1m0600000gn/T/go-build2975473730/b1027/vet.cfg: no space left on device
github.com/consensys/gnark-crypto/ecc/bls12-381: open /var/folders/v0/pbplq_x54gg1bjh38mw1m0600000gn/T/go-build2975473730/b1013/vet.cfg: no space left on device
github.com/ethereum/go-ethereum/common/mclock: open /var/folders/v0/pbplq_x54gg1bjh38mw1m0600000gn/T/go-build2975473730/b1031/vet.cfg: no space left on device
github.com/ethereum/go-ethereum/common/prque: open /var/folders/v0/pbplq_x54gg1bjh38mw1m0600000gn/T/go-build2975473730/b1029/vet.cfg: no space left on device
github.com/crate-crypto/go-eth-kzg/internal/utils: open /var/folders/v0/pbplq_x54gg1bjh38mw1m0600000gn/T/go-build2975473730/b1041/vet.cfg: no space left on device
github.com/crate-crypto/go-eth-kzg/internal/poly: open /var/folders/v0/pbplq_x54gg1bjh38mw1m0600000gn/T/go-build2975473730/b1043/vet.cfg: no space left on device
github.com/crate-crypto/go-eth-kzg/internal/multiexp: open /var/folders/v0/pbplq_x54gg1bjh38mw1m0600000gn/T/go-build2975473730/b1045/vet.cfg: no space left on device
github.com/crate-crypto/go-eth-kzg/internal/domain: open /var/folders/v0/pbplq_x54gg1bjh38mw1m0600000gn/T/go-build2975473730/b1040/vet.cfg: no space left on device
github.com/ethereum/go-ethereum/log: open /var/folders/v0/pbplq_x54gg1bjh38mw1m0600000gn/T/go-build2975473730/b1048/vet.cfg: no space left on device
github.com/crate-crypto/go-eth-kzg/internal/erasure_code: open /var/folders/v0/pbplq_x54gg1bjh38mw1m0600000gn/T/go-build2975473730/b1042/vet.cfg: no space left on device
github.com/crate-crypto/go-eth-kzg/internal/kzg: open /var/folders/v0/pbplq_x54gg1bjh38mw1m0600000gn/T/go-build2975473730/b1044/vet.cfg: no space left on device
github.com/crate-crypto/go-eth-kzg/internal/kzg_multi/fk20: open /var/folders/v0/pbplq_x54gg1bjh38mw1m0600000gn/T/go-build2975473730/b1047/vet.cfg: no space left on device
github.com/crate-crypto/go-ipa/bandersnatch/fr: open /var/folders/v0/pbplq_x54gg1bjh38mw1m0600000gn/T/go-build2975473730/b1051/vet.cfg: no space left on device
github.com/consensys/gnark-crypto/ecc/bls12-381/bandersnatch: open /var/folders/v0/pbplq_x54gg1bjh38mw1m0600000gn/T/go-build2975473730/b1054/vet.cfg: no space left on device
github.com/crate-crypto/go-eth-kzg/internal/kzg_multi: open /var/folders/v0/pbplq_x54gg1bjh38mw1m0600000gn/T/go-build2975473730/b1046/vet.cfg: no space left on device
github.com/crate-crypto/go-ipa/bandersnatch/fp: open /var/folders/v0/pbplq_x54gg1bjh38mw1m0600000gn/T/go-build2975473730/b1055/vet.cfg: no space left on device
github.com/crate-crypto/go-eth-kzg: open /var/folders/v0/pbplq_x54gg1bjh38mw1m0600000gn/T/go-build2975473730/b1039/vet.cfg: no space left on device
github.com/ethereum/go-ethereum/crypto/kzg4844: open /var/folders/v0/pbplq_x54gg1bjh38mw1m0600000gn/T/go-build2975473730/b1038/vet.cfg: no space left on device
github.com/crate-crypto/go-ipa/common/parallel: open /var/folders/v0/pbplq_x54gg1bjh38mw1m0600000gn/T/go-build2975473730/b1056/vet.cfg: no space left on device
github.com/crate-crypto/go-ipa/bandersnatch: open /var/folders/v0/pbplq_x54gg1bjh38mw1m0600000gn/T/go-build2975473730/b1053/vet.cfg: no space left on device
github.com/ethereum/go-ethereum/internal/era/e2store: open /var/folders/v0/pbplq_x54gg1bjh38mw1m0600000gn/T/go-build2975473730/b1061/vet.cfg: no space left on device
github.com/crate-crypto/go-ipa/banderwagon: open /var/folders/v0/pbplq_x54gg1bjh38mw1m0600000gn/T/go-build2975473730/b1052/vet.cfg: no space left on device
github.com/minio/sha256-simd: open /var/folders/v0/pbplq_x54gg1bjh38mw1m0600000gn/T/go-build2975473730/b1063/vet.cfg: no space left on device
github.com/mitchellh/mapstructure: open /var/folders/v0/pbplq_x54gg1bjh38mw1m0600000gn/T/go-build2975473730/b1065/vet.cfg: no space left on device
github.com/crate-crypto/go-ipa/common: open /var/folders/v0/pbplq_x54gg1bjh38mw1m0600000gn/T/go-build2975473730/b1057/vet.cfg: no space left on device
github.com/crate-crypto/go-ipa/ipa: open /var/folders/v0/pbplq_x54gg1bjh38mw1m0600000gn/T/go-build2975473730/b1058/vet.cfg: no space left on device
gopkg.in/yaml.v2: open /var/folders/v0/pbplq_x54gg1bjh38mw1m0600000gn/T/go-build2975473730/b1066/vet.cfg: no space left on device
github.com/crate-crypto/go-ipa: open /var/folders/v0/pbplq_x54gg1bjh38mw1m0600000gn/T/go-build2975473730/b1050/vet.cfg: no space left on device
github.com/ferranbt/fastssz: open /var/folders/v0/pbplq_x54gg1bjh38mw1m0600000gn/T/go-build2975473730/b1062/vet.cfg: no space left on device
github.com/ethereum/go-verkle: open /var/folders/v0/pbplq_x54gg1bjh38mw1m0600000gn/T/go-build2975473730/b1049/vet.cfg: no space left on device
github.com/ethereum/go-ethereum/ethdb: open /var/folders/v0/pbplq_x54gg1bjh38mw1m0600000gn/T/go-build2975473730/b1067/vet.cfg: no space left on device
github.com/ethereum/go-ethereum/ethdb/memorydb: open /var/folders/v0/pbplq_x54gg1bjh38mw1m0600000gn/T/go-build2975473730/b1068/vet.cfg: no space left on device
github.com/ethereum/go-ethereum/core/types: open /var/folders/v0/pbplq_x54gg1bjh38mw1m0600000gn/T/go-build2975473730/b1033/vet.cfg: no space left on device
github.com/ethereum/go-ethereum/consensus/misc/eip4844: open /var/folders/v0/pbplq_x54gg1bjh38mw1m0600000gn/T/go-build2975473730/b1032/vet.cfg: no space left on device
github.com/shirou/gopsutil/internal/common: open /var/folders/v0/pbplq_x54gg1bjh38mw1m0600000gn/T/go-build2975473730/b1071/vet.cfg: no space left on device
github.com/ethereum/go-ethereum/internal/era: open /var/folders/v0/pbplq_x54gg1bjh38mw1m0600000gn/T/go-build2975473730/b1060/vet.cfg: no space left on device
github.com/tklauser/go-sysconf: open /var/folders/v0/pbplq_x54gg1bjh38mw1m0600000gn/T/go-build2975473730/b1072/vet.cfg: no space left on device
github.com/ethereum/go-ethereum/core/rawdb/eradb: open /var/folders/v0/pbplq_x54gg1bjh38mw1m0600000gn/T/go-build2975473730/b1059/vet.cfg: no space left on device
github.com/shirou/gopsutil/cpu: open /var/folders/v0/pbplq_x54gg1bjh38mw1m0600000gn/T/go-build2975473730/b1070/vet.cfg: no space left on device
github.com/gofrs/flock: open /var/folders/v0/pbplq_x54gg1bjh38mw1m0600000gn/T/go-build2975473730/b1073/vet.cfg: no space left on device
github.com/ethereum/go-ethereum/metrics: open /var/folders/v0/pbplq_x54gg1bjh38mw1m0600000gn/T/go-build2975473730/b1069/vet.cfg: no space left on device
github.com/VictoriaMetrics/fastcache: open /var/folders/v0/pbplq_x54gg1bjh38mw1m0600000gn/T/go-build2975473730/b1078/vet.cfg: no space left on device
github.com/rivo/uniseg: open /var/folders/v0/pbplq_x54gg1bjh38mw1m0600000gn/T/go-build2975473730/b1076/vet.cfg: no space left on device
github.com/ethereum/go-ethereum/trie/trienode: open /var/folders/v0/pbplq_x54gg1bjh38mw1m0600000gn/T/go-build2975473730/b1080/vet.cfg: no space left on device
github.com/ethereum/go-ethereum/trie/utils: open /var/folders/v0/pbplq_x54gg1bjh38mw1m0600000gn/T/go-build2975473730/b1081/vet.cfg: no space left on device
github.com/mattn/go-runewidth: open /var/folders/v0/pbplq_x54gg1bjh38mw1m0600000gn/T/go-build2975473730/b1075/vet.cfg: no space left on device
github.com/olekukonko/tablewriter: open /var/folders/v0/pbplq_x54gg1bjh38mw1m0600000gn/T/go-build2975473730/b1074/vet.cfg: no space left on device
github.com/ethereum/go-ethereum/triedb/database: open /var/folders/v0/pbplq_x54gg1bjh38mw1m0600000gn/T/go-build2975473730/b1082/vet.cfg: no space left on device
github.com/holiman/bloomfilter/v2: open /var/folders/v0/pbplq_x54gg1bjh38mw1m0600000gn/T/go-build2975473730/b1086/vet.cfg: no space left on device
github.com/ethereum/go-ethereum/core/rawdb: open /var/folders/v0/pbplq_x54gg1bjh38mw1m0600000gn/T/go-build2975473730/b1028/vet.cfg: no space left on device
github.com/ethereum/go-ethereum/core/tracing: open /var/folders/v0/pbplq_x54gg1bjh38mw1m0600000gn/T/go-build2975473730/b1088/vet.cfg: no space left on device
github.com/ethereum/go-ethereum/core/stateless: open /var/folders/v0/pbplq_x54gg1bjh38mw1m0600000gn/T/go-build2975473730/b1087/vet.cfg: no space left on device
github.com/ethereum/go-ethereum/trie: open /var/folders/v0/pbplq_x54gg1bjh38mw1m0600000gn/T/go-build2975473730/b1079/vet.cfg: no space left on device
github.com/ethereum/go-ethereum/triedb/hashdb: open /var/folders/v0/pbplq_x54gg1bjh38mw1m0600000gn/T/go-build2975473730/b1084/vet.cfg: no space left on device
github.com/ethereum/go-ethereum/crypto/blake2b: open /var/folders/v0/pbplq_x54gg1bjh38mw1m0600000gn/T/go-build2975473730/b1089/vet.cfg: no space left on device
github.com/ethereum/go-ethereum/triedb/pathdb: open /var/folders/v0/pbplq_x54gg1bjh38mw1m0600000gn/T/go-build2975473730/b1085/vet.cfg: no space left on device
github.com/ethereum/go-ethereum/crypto/bn256/cloudflare: open /var/folders/v0/pbplq_x54gg1bjh38mw1m0600000gn/T/go-build2975473730/b1091/vet.cfg: no space left on device
github.com/ethereum/go-ethereum/triedb: open /var/folders/v0/pbplq_x54gg1bjh38mw1m0600000gn/T/go-build2975473730/b1083/vet.cfg: no space left on device
github.com/ethereum/go-ethereum/crypto/bn256: open /var/folders/v0/pbplq_x54gg1bjh38mw1m0600000gn/T/go-build2975473730/b1090/vet.cfg: no space left on device
github.com/ethereum/go-ethereum/crypto/secp256r1: open /var/folders/v0/pbplq_x54gg1bjh38mw1m0600000gn/T/go-build2975473730/b1092/vet.cfg: no space left on device
github.com/ethereum/go-ethereum/core/state/snapshot: open /var/folders/v0/pbplq_x54gg1bjh38mw1m0600000gn/T/go-build2975473730/b1077/vet.cfg: no space left on device
github.com/ethereum/go-ethereum/core/state: open /var/folders/v0/pbplq_x54gg1bjh38mw1m0600000gn/T/go-build2975473730/b1026/vet.cfg: no space left on device
golang.org/x/exp/maps: open /var/folders/v0/pbplq_x54gg1bjh38mw1m0600000gn/T/go-build2975473730/b1093/vet.cfg: no space left on device
github.com/cosmos/evm/ante/types: open /var/folders/v0/pbplq_x54gg1bjh38mw1m0600000gn/T/go-build2975473730/b1097/vet.cfg: no space left on device
github.com/ethereum/go-ethereum: open /var/folders/v0/pbplq_x54gg1bjh38mw1m0600000gn/T/go-build2975473730/b1100/vet.cfg: no space left on device
github.com/ethereum/go-ethereum/event: open /var/folders/v0/pbplq_x54gg1bjh38mw1m0600000gn/T/go-build2975473730/b1101/vet.cfg: no space left on device
github.com/ethereum/go-ethereum/accounts: open /var/folders/v0/pbplq_x54gg1bjh38mw1m0600000gn/T/go-build2975473730/b1099/vet.cfg: no space left on device
github.com/ethereum/go-ethereum/signer/core/apitypes: open /var/folders/v0/pbplq_x54gg1bjh38mw1m0600000gn/T/go-build2975473730/b1098/vet.cfg: no space left on device
github.com/ethereum/go-ethereum/core/vm: open /var/folders/v0/pbplq_x54gg1bjh38mw1m0600000gn/T/go-build2975473730/b1011/vet.cfg: no space left on device
github.com/tidwall/match: open /var/folders/v0/pbplq_x54gg1bjh38mw1m0600000gn/T/go-build2975473730/b1103/vet.cfg: no space left on device
github.com/tidwall/pretty: open /var/folders/v0/pbplq_x54gg1bjh38mw1m0600000gn/T/go-build2975473730/b1104/vet.cfg: no space left on device
github.com/cosmos/evm/eips: open /var/folders/v0/pbplq_x54gg1bjh38mw1m0600000gn/T/go-build2975473730/b1010/vet.cfg: no space left on device
github.com/tidwall/gjson: open /var/folders/v0/pbplq_x54gg1bjh38mw1m0600000gn/T/go-build2975473730/b1102/vet.cfg: no space left on device
github.com/cosmos/ibc-go/v10/modules/core/exported: open /var/folders/v0/pbplq_x54gg1bjh38mw1m0600000gn/T/go-build2975473730/b1109/vet.cfg: no space left on device
github.com/tidwall/sjson: open /var/folders/v0/pbplq_x54gg1bjh38mw1m0600000gn/T/go-build2975473730/b1105/vet.cfg: no space left on device
github.com/cosmos/ibc-go/v10/modules/core/23-commitment/types/v2: open /var/folders/v0/pbplq_x54gg1bjh38mw1m0600000gn/T/go-build2975473730/b1108/vet.cfg: no space left on device
github.com/cosmos/ibc-go/v10/modules/core/24-host: open /var/folders/v0/pbplq_x54gg1bjh38mw1m0600000gn/T/go-build2975473730/b1110/vet.cfg: no space left on device
github.com/cosmos/ibc-go/v10/modules/core/errors: open /var/folders/v0/pbplq_x54gg1bjh38mw1m0600000gn/T/go-build2975473730/b1111/vet.cfg: no space left on device
github.com/cosmos/evm/ethereum/eip712: open /var/folders/v0/pbplq_x54gg1bjh38mw1m0600000gn/T/go-build2975473730/b1096/vet.cfg: no space left on device
github.com/cosmos/ibc-go/v10/modules/core/02-client/types: open /var/folders/v0/pbplq_x54gg1bjh38mw1m0600000gn/T/go-build2975473730/b1107/vet.cfg: no space left on device
github.com/cosmos/evm/crypto/ethsecp256k1: open /var/folders/v0/pbplq_x54gg1bjh38mw1m0600000gn/T/go-build2975473730/b1095/vet.cfg: no space left on device
github.com/cosmos/ibc-go/v10/modules/core/23-commitment/types: open /var/folders/v0/pbplq_x54gg1bjh38mw1m0600000gn/T/go-build2975473730/b1114/vet.cfg: no space left on device
github.com/cosmos/ibc-go/v10/modules/core/02-client/v2/types: open /var/folders/v0/pbplq_x54gg1bjh38mw1m0600000gn/T/go-build2975473730/b1112/vet.cfg: no space left on device
github.com/ethereum/go-ethereum/accounts/abi: open /var/folders/v0/pbplq_x54gg1bjh38mw1m0600000gn/T/go-build2975473730/b1117/vet.cfg: no space left on device
github.com/cosmos/ibc-go/v10/modules/core/03-connection/types: open /var/folders/v0/pbplq_x54gg1bjh38mw1m0600000gn/T/go-build2975473730/b1113/vet.cfg: no space left on device
github.com/ethereum/go-ethereum/consensus: open /var/folders/v0/pbplq_x54gg1bjh38mw1m0600000gn/T/go-build2975473730/b1119/vet.cfg: no space left on device
github.com/ethereum/go-ethereum/consensus/misc: open /var/folders/v0/pbplq_x54gg1bjh38mw1m0600000gn/T/go-build2975473730/b1122/vet.cfg: no space left on device
github.com/cosmos/ibc-go/v10/modules/core/04-channel/types: open /var/folders/v0/pbplq_x54gg1bjh38mw1m0600000gn/T/go-build2975473730/b1115/vet.cfg: no space left on device
github.com/ethereum/go-ethereum/consensus/misc/eip1559: open /var/folders/v0/pbplq_x54gg1bjh38mw1m0600000gn/T/go-build2975473730/b1121/vet.cfg: no space left on device
github.com/ethereum/go-ethereum/consensus/beacon: open /var/folders/v0/pbplq_x54gg1bjh38mw1m0600000gn/T/go-build2975473730/b1120/vet.cfg: no space left on device
github.com/cosmos/ibc-go/v10/modules/core/04-channel/v2/types: open /var/folders/v0/pbplq_x54gg1bjh38mw1m0600000gn/T/go-build2975473730/b1116/vet.cfg: no space left on device
github.com/deckarep/golang-set/v2: open /var/folders/v0/pbplq_x54gg1bjh38mw1m0600000gn/T/go-build2975473730/b1124/vet.cfg: no space left on device
github.com/ethereum/go-ethereum/consensus/ethash: open /var/folders/v0/pbplq_x54gg1bjh38mw1m0600000gn/T/go-build2975473730/b1123/vet.cfg: no space left on device
github.com/cosmos/ibc-go/v10/modules/apps/transfer/types: open /var/folders/v0/pbplq_x54gg1bjh38mw1m0600000gn/T/go-build2975473730/b1106/vet.cfg: no space left on device
github.com/ethereum/go-ethereum/core/history: open /var/folders/v0/pbplq_x54gg1bjh38mw1m0600000gn/T/go-build2975473730/b1125/vet.cfg: no space left on device
github.com/cosmos/evm/utils: open /var/folders/v0/pbplq_x54gg1bjh38mw1m0600000gn/T/go-build2975473730/b1094/vet.cfg: no space left on device
github.com/ethereum/go-ethereum/internal/syncx: open /var/folders/v0/pbplq_x54gg1bjh38mw1m0600000gn/T/go-build2975473730/b1126/vet.cfg: no space left on device
github.com/ethereum/go-ethereum/version: open /var/folders/v0/pbplq_x54gg1bjh38mw1m0600000gn/T/go-build2975473730/b1128/vet.cfg: no space left on device
github.com/ethereum/go-ethereum/internal/version: open /var/folders/v0/pbplq_x54gg1bjh38mw1m0600000gn/T/go-build2975473730/b1127/vet.cfg: no space left on device
github.com/ethereum/go-ethereum/eth/tracers/logger: open /var/folders/v0/pbplq_x54gg1bjh38mw1m0600000gn/T/go-build2975473730/b1130/vet.cfg: no space left on device
github.com/ethereum/go-ethereum/core: open /var/folders/v0/pbplq_x54gg1bjh38mw1m0600000gn/T/go-build2975473730/b1118/vet.cfg: no space left on device
github.com/ethereum/go-ethereum/core/txpool: open /var/folders/v0/pbplq_x54gg1bjh38mw1m0600000gn/T/go-build2975473730/b1129/vet.cfg: no space left on device
github.com/cosmos/evm/x/vm/types: open /var/folders/v0/pbplq_x54gg1bjh38mw1m0600000gn/T/go-build2975473730/b1007/vet.cfg: no space left on device
github.com/cosmos/evm/x/vm/store/snapshotmulti: open /var/folders/v0/pbplq_x54gg1bjh38mw1m0600000gn/T/go-build2975473730/b1004/vet.cfg: no space left on device
github.com/cosmos/evm/x/vm/statedb: open /var/folders/v0/pbplq_x54gg1bjh38mw1m0600000gn/T/go-build2975473730/b996/vet.cfg: no space left on device
cosmossdk.io/api/cosmos/authz/module/v1: open /var/folders/v0/pbplq_x54gg1bjh38mw1m0600000gn/T/go-build2975473730/b1155/vet.cfg: no space left on device
cosmossdk.io/api/cosmos/bank/module/v1: open /var/folders/v0/pbplq_x54gg1bjh38mw1m0600000gn/T/go-build2975473730/b1156/vet.cfg: no space left on device
polystorechain/x/polystorechain/keeper: open /var/folders/v0/pbplq_x54gg1bjh38mw1m0600000gn/T/go-build2975473730/b1134/vet.cfg: no space left on device
cosmossdk.io/api/cosmos/circuit/module/v1: open /var/folders/v0/pbplq_x54gg1bjh38mw1m0600000gn/T/go-build2975473730/b1157/vet.cfg: no space left on device
polystorechain/precompiles/polystore: open /var/folders/v0/pbplq_x54gg1bjh38mw1m0600000gn/T/go-build2975473730/b1131/vet.cfg: no space left on device
cosmossdk.io/api/cosmos/distribution/module/v1: open /var/folders/v0/pbplq_x54gg1bjh38mw1m0600000gn/T/go-build2975473730/b1159/vet.cfg: no space left on device
cosmossdk.io/api/cosmos/consensus/module/v1: open /var/folders/v0/pbplq_x54gg1bjh38mw1m0600000gn/T/go-build2975473730/b1158/vet.cfg: no space left on device
cosmossdk.io/api/cosmos/epochs/module/v1: open /var/folders/v0/pbplq_x54gg1bjh38mw1m0600000gn/T/go-build2975473730/b1160/vet.cfg: no space left on device
cosmossdk.io/api/cosmos/evidence/module/v1: open /var/folders/v0/pbplq_x54gg1bjh38mw1m0600000gn/T/go-build2975473730/b1161/vet.cfg: no space left on device
cosmossdk.io/api/cosmos/feegrant/module/v1: open /var/folders/v0/pbplq_x54gg1bjh38mw1m0600000gn/T/go-build2975473730/b1162/vet.cfg: no space left on device
cosmossdk.io/api/cosmos/genutil/module/v1: open /var/folders/v0/pbplq_x54gg1bjh38mw1m0600000gn/T/go-build2975473730/b1163/vet.cfg: no space left on device
cosmossdk.io/api/cosmos/gov/module/v1: open /var/folders/v0/pbplq_x54gg1bjh38mw1m0600000gn/T/go-build2975473730/b1164/vet.cfg: no space left on device
cosmossdk.io/api/cosmos/group/module/v1: open /var/folders/v0/pbplq_x54gg1bjh38mw1m0600000gn/T/go-build2975473730/b1165/vet.cfg: no space left on device
cosmossdk.io/api/cosmos/mint/module/v1: open /var/folders/v0/pbplq_x54gg1bjh38mw1m0600000gn/T/go-build2975473730/b1166/vet.cfg: no space left on device
cosmossdk.io/api/cosmos/nft/module/v1: open /var/folders/v0/pbplq_x54gg1bjh38mw1m0600000gn/T/go-build2975473730/b1167/vet.cfg: no space left on device
cosmossdk.io/api/cosmos/params/module/v1: open /var/folders/v0/pbplq_x54gg1bjh38mw1m0600000gn/T/go-build2975473730/b1168/vet.cfg: no space left on device
cosmossdk.io/api/cosmos/slashing/module/v1: open /var/folders/v0/pbplq_x54gg1bjh38mw1m0600000gn/T/go-build2975473730/b1169/vet.cfg: no space left on device
cosmossdk.io/api/cosmos/upgrade/module/v1: open /var/folders/v0/pbplq_x54gg1bjh38mw1m0600000gn/T/go-build2975473730/b1171/vet.cfg: no space left on device
cosmossdk.io/api/cosmos/tx/config/v1: open /var/folders/v0/pbplq_x54gg1bjh38mw1m0600000gn/T/go-build2975473730/b1170/vet.cfg: no space left on device
cosmossdk.io/api/cosmos/vesting/module/v1: open /var/folders/v0/pbplq_x54gg1bjh38mw1m0600000gn/T/go-build2975473730/b1172/vet.cfg: no space left on device
cosmossdk.io/client/v2/helpers: open /var/folders/v0/pbplq_x54gg1bjh38mw1m0600000gn/T/go-build2975473730/b1173/vet.cfg: no space left on device
cosmossdk.io/api/cosmos/circuit/v1: open /var/folders/v0/pbplq_x54gg1bjh38mw1m0600000gn/T/go-build2975473730/b1175/vet.cfg: no space left on device
cosmossdk.io/api/cosmos/evidence/v1beta1: open /var/folders/v0/pbplq_x54gg1bjh38mw1m0600000gn/T/go-build2975473730/b1179/vet.cfg: no space left on device
cosmossdk.io/x/circuit/types: open /var/folders/v0/pbplq_x54gg1bjh38mw1m0600000gn/T/go-build2975473730/b1177/vet.cfg: no space left on device
cosmossdk.io/x/circuit/keeper: open /var/folders/v0/pbplq_x54gg1bjh38mw1m0600000gn/T/go-build2975473730/b1176/vet.cfg: no space left on device
cosmossdk.io/x/evidence/client: open /var/folders/v0/pbplq_x54gg1bjh38mw1m0600000gn/T/go-build2975473730/b1180/vet.cfg: no space left on device
cosmossdk.io/x/circuit: open /var/folders/v0/pbplq_x54gg1bjh38mw1m0600000gn/T/go-build2975473730/b1174/vet.cfg: no space left on device
cosmossdk.io/x/evidence/exported: open /var/folders/v0/pbplq_x54gg1bjh38mw1m0600000gn/T/go-build2975473730/b1183/vet.cfg: no space left on device
cosmossdk.io/x/feegrant/migrations/v2: open /var/folders/v0/pbplq_x54gg1bjh38mw1m0600000gn/T/go-build2975473730/b1187/vet.cfg: no space left on device
cosmossdk.io/x/feegrant/keeper: open /var/folders/v0/pbplq_x54gg1bjh38mw1m0600000gn/T/go-build2975473730/b1186/vet.cfg: no space left on device
cosmossdk.io/x/evidence/types: open /var/folders/v0/pbplq_x54gg1bjh38mw1m0600000gn/T/go-build2975473730/b1182/vet.cfg: no space left on device
cosmossdk.io/api/cosmos/feegrant/v1beta1: open /var/folders/v0/pbplq_x54gg1bjh38mw1m0600000gn/T/go-build2975473730/b1189/vet.cfg: no space left on device
cosmossdk.io/x/evidence/client/cli: open /var/folders/v0/pbplq_x54gg1bjh38mw1m0600000gn/T/go-build2975473730/b1181/vet.cfg: no space left on device
cosmossdk.io/x/evidence/keeper: open /var/folders/v0/pbplq_x54gg1bjh38mw1m0600000gn/T/go-build2975473730/b1184/vet.cfg: no space left on device
cosmossdk.io/x/evidence/simulation: open /var/folders/v0/pbplq_x54gg1bjh38mw1m0600000gn/T/go-build2975473730/b1185/vet.cfg: no space left on device
cosmossdk.io/x/evidence: open /var/folders/v0/pbplq_x54gg1bjh38mw1m0600000gn/T/go-build2975473730/b1178/vet.cfg: no space left on device
cosmossdk.io/x/feegrant/client/cli: open /var/folders/v0/pbplq_x54gg1bjh38mw1m0600000gn/T/go-build2975473730/b1190/vet.cfg: no space left on device
github.com/cosmos/cosmos-sdk/testutil/simsx: open /var/folders/v0/pbplq_x54gg1bjh38mw1m0600000gn/T/go-build2975473730/b1192/vet.cfg: no space left on device
cosmossdk.io/x/nft: open /var/folders/v0/pbplq_x54gg1bjh38mw1m0600000gn/T/go-build2975473730/b1193/vet.cfg: no space left on device
cosmossdk.io/x/feegrant/simulation: open /var/folders/v0/pbplq_x54gg1bjh38mw1m0600000gn/T/go-build2975473730/b1191/vet.cfg: no space left on device
cosmossdk.io/x/feegrant/module: open /var/folders/v0/pbplq_x54gg1bjh38mw1m0600000gn/T/go-build2975473730/b1188/vet.cfg: no space left on device
cosmossdk.io/api/cosmos/nft/v1beta1: open /var/folders/v0/pbplq_x54gg1bjh38mw1m0600000gn/T/go-build2975473730/b1195/vet.cfg: no space left on device
cosmossdk.io/x/nft/internal/conv: open /var/folders/v0/pbplq_x54gg1bjh38mw1m0600000gn/T/go-build2975473730/b1197/vet.cfg: no space left on device
cosmossdk.io/x/nft/keeper: open /var/folders/v0/pbplq_x54gg1bjh38mw1m0600000gn/T/go-build2975473730/b1196/vet.cfg: no space left on device
cosmossdk.io/api/cosmos/upgrade/v1beta1: open /var/folders/v0/pbplq_x54gg1bjh38mw1m0600000gn/T/go-build2975473730/b1200/vet.cfg: no space left on device
cosmossdk.io/x/nft/simulation: open /var/folders/v0/pbplq_x54gg1bjh38mw1m0600000gn/T/go-build2975473730/b1198/vet.cfg: no space left on device
cosmossdk.io/x/upgrade/internal/conv: open /var/folders/v0/pbplq_x54gg1bjh38mw1m0600000gn/T/go-build2975473730/b1203/vet.cfg: no space left on device
cosmossdk.io/x/nft/module: open /var/folders/v0/pbplq_x54gg1bjh38mw1m0600000gn/T/go-build2975473730/b1194/vet.cfg: no space left on device
github.com/hashicorp/go-cleanhttp: open /var/folders/v0/pbplq_x54gg1bjh38mw1m0600000gn/T/go-build2975473730/b1204/vet.cfg: no space left on device
cloud.google.com/go/compute/metadata: open /var/folders/v0/pbplq_x54gg1bjh38mw1m0600000gn/T/go-build2975473730/b1209/vet.cfg: no space left on device
google.golang.org/genproto/googleapis/rpc/code: open /var/folders/v0/pbplq_x54gg1bjh38mw1m0600000gn/T/go-build2975473730/b1216/vet.cfg: no space left on device
google.golang.org/genproto/googleapis/type/expr: open /var/folders/v0/pbplq_x54gg1bjh38mw1m0600000gn/T/go-build2975473730/b1212/vet.cfg: no space left on device
github.com/googleapis/gax-go/v2/apierror/internal/proto: open /var/folders/v0/pbplq_x54gg1bjh38mw1m0600000gn/T/go-build2975473730/b1215/vet.cfg: no space left on device
cloud.google.com/go/iam/apiv1/iampb: open /var/folders/v0/pbplq_x54gg1bjh38mw1m0600000gn/T/go-build2975473730/b1211/vet.cfg: no space left on device
google.golang.org/api/internal/third_party/uritemplates: open /var/folders/v0/pbplq_x54gg1bjh38mw1m0600000gn/T/go-build2975473730/b1218/vet.cfg: no space left on device
google.golang.org/api/googleapi: open /var/folders/v0/pbplq_x54gg1bjh38mw1m0600000gn/T/go-build2975473730/b1217/vet.cfg: no space left on device
github.com/googleapis/gax-go/v2/apierror: open /var/folders/v0/pbplq_x54gg1bjh38mw1m0600000gn/T/go-build2975473730/b1214/vet.cfg: no space left on device
github.com/googleapis/gax-go/v2/internal: open /var/folders/v0/pbplq_x54gg1bjh38mw1m0600000gn/T/go-build2975473730/b1221/vet.cfg: no space left on device
github.com/googleapis/gax-go/v2: open /var/folders/v0/pbplq_x54gg1bjh38mw1m0600000gn/T/go-build2975473730/b1213/vet.cfg: no space left on device
cloud.google.com/go/internal/optional: open /var/folders/v0/pbplq_x54gg1bjh38mw1m0600000gn/T/go-build2975473730/b1223/vet.cfg: no space left on device
cloud.google.com/go/iam: open /var/folders/v0/pbplq_x54gg1bjh38mw1m0600000gn/T/go-build2975473730/b1210/vet.cfg: no space left on device
cloud.google.com/go/internal: open /var/folders/v0/pbplq_x54gg1bjh38mw1m0600000gn/T/go-build2975473730/b1222/vet.cfg: no space left on device
go.opentelemetry.io/auto/sdk/internal/telemetry: open /var/folders/v0/pbplq_x54gg1bjh38mw1m0600000gn/T/go-build2975473730/b1231/vet.cfg: no space left on device
go.opentelemetry.io/otel/attribute/internal: open /var/folders/v0/pbplq_x54gg1bjh38mw1m0600000gn/T/go-build2975473730/b1233/vet.cfg: no space left on device
github.com/go-logr/logr: open /var/folders/v0/pbplq_x54gg1bjh38mw1m0600000gn/T/go-build2975473730/b1226/vet.cfg: no space left on device
github.com/go-logr/logr/funcr: open /var/folders/v0/pbplq_x54gg1bjh38mw1m0600000gn/T/go-build2975473730/b1229/vet.cfg: no space left on device
github.com/go-logr/stdr: open /var/folders/v0/pbplq_x54gg1bjh38mw1m0600000gn/T/go-build2975473730/b1228/vet.cfg: no space left on device
go.opentelemetry.io/otel/attribute: open /var/folders/v0/pbplq_x54gg1bjh38mw1m0600000gn/T/go-build2975473730/b1232/vet.cfg: no space left on device
go.opentelemetry.io/otel/codes: open /var/folders/v0/pbplq_x54gg1bjh38mw1m0600000gn/T/go-build2975473730/b1234/vet.cfg: no space left on device
go.opentelemetry.io/otel/semconv/v1.37.0: open /var/folders/v0/pbplq_x54gg1bjh38mw1m0600000gn/T/go-build2975473730/b1235/vet.cfg: no space left on device
go.opentelemetry.io/otel/trace/embedded: open /var/folders/v0/pbplq_x54gg1bjh38mw1m0600000gn/T/go-build2975473730/b1237/vet.cfg: no space left on device
go.opentelemetry.io/otel/metric/embedded: open /var/folders/v0/pbplq_x54gg1bjh38mw1m0600000gn/T/go-build2975473730/b1241/vet.cfg: no space left on device
go.opentelemetry.io/otel/metric: open /var/folders/v0/pbplq_x54gg1bjh38mw1m0600000gn/T/go-build2975473730/b1240/vet.cfg: no space left on device
go.opentelemetry.io/otel/trace/internal/telemetry: open /var/folders/v0/pbplq_x54gg1bjh38mw1m0600000gn/T/go-build2975473730/b1238/vet.cfg: no space left on device
go.opentelemetry.io/otel/internal/baggage: open /var/folders/v0/pbplq_x54gg1bjh38mw1m0600000gn/T/go-build2975473730/b1244/vet.cfg: no space left on device
go.opentelemetry.io/otel/baggage: open /var/folders/v0/pbplq_x54gg1bjh38mw1m0600000gn/T/go-build2975473730/b1243/vet.cfg: no space left on device
go.opentelemetry.io/otel/trace: open /var/folders/v0/pbplq_x54gg1bjh38mw1m0600000gn/T/go-build2975473730/b1236/vet.cfg: no space left on device
cloud.google.com/go/internal/version: open /var/folders/v0/pbplq_x54gg1bjh38mw1m0600000gn/T/go-build2975473730/b1245/vet.cfg: no space left on device
go.opentelemetry.io/otel/trace/noop: open /var/folders/v0/pbplq_x54gg1bjh38mw1m0600000gn/T/go-build2975473730/b1239/vet.cfg: no space left on device
go.opentelemetry.io/otel/propagation: open /var/folders/v0/pbplq_x54gg1bjh38mw1m0600000gn/T/go-build2975473730/b1242/vet.cfg: no space left on device
cloud.google.com/go/storage/internal: open /var/folders/v0/pbplq_x54gg1bjh38mw1m0600000gn/T/go-build2975473730/b1247/vet.cfg: no space left on device
go.opentelemetry.io/auto/sdk: open /var/folders/v0/pbplq_x54gg1bjh38mw1m0600000gn/T/go-build2975473730/b1230/vet.cfg: no space left on device
go.opentelemetry.io/otel/metric/noop: open /var/folders/v0/pbplq_x54gg1bjh38mw1m0600000gn/T/go-build2975473730/b1249/vet.cfg: no space left on device
go.opentelemetry.io/otel/internal/global: open /var/folders/v0/pbplq_x54gg1bjh38mw1m0600000gn/T/go-build2975473730/b1227/vet.cfg: no space left on device
go.opentelemetry.io/otel: open /var/folders/v0/pbplq_x54gg1bjh38mw1m0600000gn/T/go-build2975473730/b1225/vet.cfg: no space left on device
go.opentelemetry.io/otel/sdk/instrumentation: open /var/folders/v0/pbplq_x54gg1bjh38mw1m0600000gn/T/go-build2975473730/b1250/vet.cfg: no space left on device
cloud.google.com/go/internal/trace: open /var/folders/v0/pbplq_x54gg1bjh38mw1m0600000gn/T/go-build2975473730/b1224/vet.cfg: no space left on device
go.opentelemetry.io/otel/sdk/metric/exemplar: open /var/folders/v0/pbplq_x54gg1bjh38mw1m0600000gn/T/go-build2975473730/b1251/vet.cfg: no space left on device
go.opentelemetry.io/otel/sdk/metric/internal: open /var/folders/v0/pbplq_x54gg1bjh38mw1m0600000gn/T/go-build2975473730/b1252/vet.cfg: no space left on device
go.opentelemetry.io/otel/sdk: open /var/folders/v0/pbplq_x54gg1bjh38mw1m0600000gn/T/go-build2975473730/b1258/vet.cfg: no space left on device
go.opentelemetry.io/otel/sdk/internal/x: open /var/folders/v0/pbplq_x54gg1bjh38mw1m0600000gn/T/go-build2975473730/b1259/vet.cfg: no space left on device
go.opentelemetry.io/otel/sdk/metric/internal/x: open /var/folders/v0/pbplq_x54gg1bjh38mw1m0600000gn/T/go-build2975473730/b1260/vet.cfg: no space left on device
cloud.google.com/go/auth/internal: open /var/folders/v0/pbplq_x54gg1bjh38mw1m0600000gn/T/go-build2975473730/b1263/vet.cfg: no space left on device
go.opentelemetry.io/otel/sdk/resource: open /var/folders/v0/pbplq_x54gg1bjh38mw1m0600000gn/T/go-build2975473730/b1255/vet.cfg: no space left on device
cloud.google.com/go/auth/internal/jwt: open /var/folders/v0/pbplq_x54gg1bjh38mw1m0600000gn/T/go-build2975473730/b1264/vet.cfg: no space left on device
go.opentelemetry.io/otel/sdk/metric/metricdata: open /var/folders/v0/pbplq_x54gg1bjh38mw1m0600000gn/T/go-build2975473730/b1254/vet.cfg: no space left on device
github.com/googleapis/gax-go/v2/internallog/internal: open /var/folders/v0/pbplq_x54gg1bjh38mw1m0600000gn/T/go-build2975473730/b1266/vet.cfg: no space left on device
go.opentelemetry.io/otel/sdk/metric/internal/aggregate: open /var/folders/v0/pbplq_x54gg1bjh38mw1m0600000gn/T/go-build2975473730/b1253/vet.cfg: no space left on device
github.com/googleapis/gax-go/v2/internallog: open /var/folders/v0/pbplq_x54gg1bjh38mw1m0600000gn/T/go-build2975473730/b1265/vet.cfg: no space left on device
go.opentelemetry.io/otel/sdk/metric: open /var/folders/v0/pbplq_x54gg1bjh38mw1m0600000gn/T/go-build2975473730/b1248/vet.cfg: no space left on device
cloud.google.com/go/auth: open /var/folders/v0/pbplq_x54gg1bjh38mw1m0600000gn/T/go-build2975473730/b1262/vet.cfg: no space left on device
golang.org/x/oauth2/jws: open /var/folders/v0/pbplq_x54gg1bjh38mw1m0600000gn/T/go-build2975473730/b1275/vet.cfg: no space left on device
golang.org/x/oauth2/internal: open /var/folders/v0/pbplq_x54gg1bjh38mw1m0600000gn/T/go-build2975473730/b1268/vet.cfg: no space left on device
cloud.google.com/go/auth/credentials/internal/impersonate: open /var/folders/v0/pbplq_x54gg1bjh38mw1m0600000gn/T/go-build2975473730/b1280/vet.cfg: no space left on device
golang.org/x/oauth2: open /var/folders/v0/pbplq_x54gg1bjh38mw1m0600000gn/T/go-build2975473730/b1267/vet.cfg: no space left on device
golang.org/x/oauth2/authhandler: open /var/folders/v0/pbplq_x54gg1bjh38mw1m0600000gn/T/go-build2975473730/b1270/vet.cfg: no space left on device
golang.org/x/oauth2/google/internal/impersonate: open /var/folders/v0/pbplq_x54gg1bjh38mw1m0600000gn/T/go-build2975473730/b1272/vet.cfg: no space left on device
cloud.google.com/go/auth/credentials/internal/stsexchange: open /var/folders/v0/pbplq_x54gg1bjh38mw1m0600000gn/T/go-build2975473730/b1281/vet.cfg: no space left on device
golang.org/x/oauth2/jwt: open /var/folders/v0/pbplq_x54gg1bjh38mw1m0600000gn/T/go-build2975473730/b1276/vet.cfg: no space left on device
golang.org/x/oauth2/google/internal/stsexchange: open /var/folders/v0/pbplq_x54gg1bjh38mw1m0600000gn/T/go-build2975473730/b1273/vet.cfg: no space left on device
golang.org/x/oauth2/google: open /var/folders/v0/pbplq_x54gg1bjh38mw1m0600000gn/T/go-build2975473730/b1269/vet.cfg: no space left on device
FAIL
